{"duration":0,"level":"info","message":"HTTP request","method":"POST","status":200,"timestamp":"2026-02-12 00:13:44","type":"access","url":"/search"}
{"duration":0,"level":"info","message":"HTTP request","method":"GET","status":404,"timestamp":"2026-02-12 00:13:44","type":"access","url":"/downloads"}
{"level":"info","message":"test request","method":"GET","timestamp":"2026-02-12 00:13:44","type":"access","url":"/test"}
{"duration":0,"level":"info","message":"HTTP request","method":"POST","status":200,"timestamp":"2026-02-12 00:14:36","type":"access","url":"/search"}
{"duration":0,"level":"info","message":"HTTP request","method":"GET","status":404,"timestamp":"2026-02-12 00:14:36","type":"access","url":"/downloads"}
{"level":"info","message":"test request","method":"GET","timestamp":"2026-02-12 00:14:36","type":"access","url":"/test"}
{"duration":0,"level":"info","message":"HTTP request","method":"POST","status":200,"timestamp":"2026-02-12 00:17:56","type":"access","url":"/search"}
{"duration":0,"level":"info","message":"HTTP request","method":"GET","status":404,"timestamp":"2026-02-12 00:17:56","type":"access","url":"/downloads"}
{"level":"info","message":"test request","method":"GET","timestamp":"2026-02-12 00:17:56","type":"access","url":"/test"}
{"duration":0,"level":"info","message":"HTTP request","method":"POST","status":200,"timestamp":"2026-02-12 08:19:34","type":"access","url":"/search"}
{"duration":0,"level":"info","message":"HTTP request","method":"GET","status":404,"timestamp":"2026-02-12 08:19:34","type":"access","url":"/downloads"}
{"level":"info","message":"test request","method":"GET","timestamp":"2026-02-12 08:19:34","type":"access","url":"/test"}
{"duration":0,"level":"info","message":"HTTP request","method":"POST","status":200,"timestamp":"2026-02-12 08:22:33","type":"access","url":"/search"}
{"duration":0,"level":"info","message":"HTTP request","method":"GET","status":404,"timestamp":"2026-02-12 08:22:33","type":"access","url":"/downloads"}
{"level":"info","message":"test request","method":"GET","timestamp":"2026-02-12 08:22:33","type":"access","url":"/test"}
{"duration":0,"level":"info","message":"HTTP request","method":"POST","status":200,"timestamp":"2026-02-12 08:23:15","type":"access","url":"/search"}
{"duration":0,"level":"info","message":"HTTP request","method":"GET","status":404,"timestamp":"2026-02-12 08:23:15","type":"access","url":"/downloads"}
{"level":"info","message":"test request","method":"GET","timestamp":"2026-02-12 08:23:15","type":"access","url":"/test"}
{"duration":52,"level":"info","message":"HTTP request","method":"GET","status":200,"timestamp":"2026-02-12 08:24:16","type":"access","url":"/search"}
{"duration":2,"level":"info","message":"HTTP request","method":"GET","status":200,"timestamp":"2026-02-12 08:24:17","type":"access","url":"/downloads"}
{"duration":1,"level":"info","message":"HTTP request","method":"GET","status":200,"timestamp":"2026-02-12 08:24:18","type":"access","url":"/settings"}
{"duration":1,"level":"info","message":"HTTP request","method":"GET","status":304,"timestamp":"2026-02-12 08:24:19","type":"access","url":"/downloads"}
{"duration":2,"level":"info","message":"HTTP request","method":"GET","status":304,"timestamp":"2026-02-12 08:24:19","type":"access","url":"/search"}
{"duration":1233,"level":"info","message":"HTTP request","method":"POST","status":200,"timestamp":"2026-02-12 08:24:40","type":"access","url":"/search"}
{"duration":896,"level":"info","message":"HTTP request","method":"POST","status":200,"timestamp":"2026-02-12 08:24:56","type":"access","url":"/search"}
{"duration":0,"level":"info","message":"HTTP request","method":"POST","status":200,"timestamp":"2026-02-12 09:25:53","type":"access","url":"/search"}
{"duration":0,"level":"info","message":"HTTP request","method":"GET","status":404,"timestamp":"2026-02-12 09:25:53","type":"access","url":"/downloads"}
{"level":"info","message":"test request","method":"GET","timestamp":"2026-02-12 09:25:53","type":"access","url":"/test"}
{"duration":1479,"level":"info","message":"HTTP request","method":"POST","status":200,"timestamp":"2026-02-12 09:55:49","type":"access","url":"/search"}
{"duration":946,"level":"info","message":"HTTP request","method":"POST","status":200,"timestamp":"2026-02-12 09:56:03","type":"access","url":"/search"}
{"duration":501,"level":"info","message":"HTTP request","method":"POST","status":200,"timestamp":"2026-02-12 09:56:08","type":"access","url":"/search"}
{"duration":775,"level":"info","message":"HTTP request","method":"POST","status":200,"timestamp":"2026-02-12 09:56:16","type":"access","url":"/search"}
{"duration":1328,"level":"info","message":"HTTP request","method":"POST","status":200,"timestamp":"2026-02-12 10:31:40","type":"access","url":"/search"}
{"duration":415,"level":"info","message":"HTTP request","method":"POST","status":200,"timestamp":"2026-02-12 10:32:31","type":"access","url":"/download"}
{"duration":21,"level":"info","message":"HTTP request","method":"GET","status":304,"timestamp":"2026-02-12 10:33:05","type":"access","url":"/settings"}
{"duration":2,"level":"info","message":"HTTP request","method":"GET","status":304,"timestamp":"2026-02-12 10:34:51","type":"access","url":"/downloads"}
{"duration":2,"level":"info","message":"HTTP request","method":"GET","status":200,"timestamp":"2026-02-12 10:34:52","type":"access","url":"/search"}
{"duration":21046,"level":"info","message":"HTTP request","method":"POST","status":200,"timestamp":"2026-02-12 10:35:32","type":"access","url":"/search"}
{"duration":7044,"level":"info","message":"HTTP request","method":"POST","status":200,"timestamp":"2026-02-12 10:58:55","type":"access","url":"/search"}
{"duration":1120,"level":"info","message":"HTTP request","method":"POST","status":200,"timestamp":"2026-02-12 11:14:47","type":"access","url":"/search"}
{"duration":432,"level":"info","message":"HTTP request","method":"POST","status":200,"timestamp":"2026-02-12 11:14:49","type":"access","url":"/search"}
{"duration":768,"level":"info","message":"HTTP request","method":"POST","status":200,"timestamp":"2026-02-12 11:14:54","type":"access","url":"/search"}
{"duration":1573,"level":"info","message":"HTTP request","method":"POST","status":200,"timestamp":"2026-02-12 13:12:46","type":"access","url":"/search"}
{"duration":1622,"level":"info","message":"HTTP request","method":"POST","status":200,"timestamp":"2026-02-12 13:12:49","type":"access","url":"/search"}
{"duration":660,"level":"info","message":"HTTP request","method":"POST","status":200,"timestamp":"2026-02-12 13:12:55","type":"access","url":"/search"}
{"duration":1367,"level":"info","message":"HTTP request","method":"POST","status":200,"timestamp":"2026-02-12 13:19:15","type":"access","url":"/search"}
{"duration":1176,"level":"info","message":"HTTP request","method":"POST","status":200,"timestamp":"2026-02-12 13:21:23","type":"access","url":"/search"}
{"duration":537,"level":"info","message":"HTTP request","method":"POST","status":200,"timestamp":"2026-02-12 13:21:24","type":"access","url":"/search"}
{"duration":788,"level":"info","message":"HTTP request","method":"POST","status":200,"timestamp":"2026-02-12 13:21:41","type":"access","url":"/search"}
{"duration":841,"level":"info","message":"HTTP request","method":"POST","status":200,"timestamp":"2026-02-12 13:21:42","type":"access","url":"/search"}
{"duration":1010,"level":"info","message":"HTTP request","method":"POST","status":200,"timestamp":"2026-02-12 13:21:45","type":"access","url":"/search"}
{"duration":1231,"level":"info","message":"HTTP request","method":"POST","status":200,"timestamp":"2026-02-12 13:22:24","type":"access","url":"/search"}
{"duration":499,"level":"info","message":"HTTP request","method":"POST","status":200,"timestamp":"2026-02-12 13:22:26","type":"access","url":"/search"}
{"duration":863,"level":"info","message":"HTTP request","method":"POST","status":200,"timestamp":"2026-02-12 13:23:12","type":"access","url":"/search"}
{"duration":526,"level":"info","message":"HTTP request","method":"POST","status":200,"timestamp":"2026-02-12 13:23:14","type":"access","url":"/search"}
{"duration":1101,"level":"info","message":"HTTP request","method":"POST","status":200,"timestamp":"2026-02-12 13:24:03","type":"access","url":"/search"}
{"duration":682,"level":"info","message":"HTTP request","method":"POST","status":200,"timestamp":"2026-02-12 13:24:05","type":"access","url":"/search"}
{"duration":0,"level":"info","message":"HTTP request","method":"POST","status":200,"timestamp":"2026-02-12 13:25:14","type":"access","url":"/search"}
{"duration":0,"level":"info","message":"HTTP request","method":"GET","status":404,"timestamp":"2026-02-12 13:25:14","type":"access","url":"/downloads"}
{"level":"info","message":"test request","method":"GET","timestamp":"2026-02-12 13:25:14","type":"access","url":"/test"}
{"duration":0,"level":"info","message":"HTTP request","method":"POST","status":200,"timestamp":"2026-02-12 13:38:12","type":"access","url":"/search"}
{"duration":0,"level":"info","message":"HTTP request","method":"GET","status":404,"timestamp":"2026-02-12 13:38:12","type":"access","url":"/downloads"}
{"level":"info","message":"test request","method":"GET","timestamp":"2026-02-12 13:38:13","type":"access","url":"/test"}
{"duration":0,"level":"info","message":"HTTP request","method":"POST","status":200,"timestamp":"2026-02-12 14:00:23","type":"access","url":"/search"}
{"duration":0,"level":"info","message":"HTTP request","method":"GET","status":404,"timestamp":"2026-02-12 14:00:23","type":"access","url":"/downloads"}
{"level":"info","message":"test request","method":"GET","timestamp":"2026-02-12 14:00:23","type":"access","url":"/test"}
{"duration":0,"level":"info","message":"HTTP request","method":"POST","status":200,"timestamp":"2026-02-12 15:33:26","type":"access","url":"/search"}
{"duration":0,"level":"info","message":"HTTP request","method":"GET","status":404,"timestamp":"2026-02-12 15:33:26","type":"access","url":"/downloads"}
{"level":"info","message":"test request","method":"GET","timestamp":"2026-02-12 15:33:26","type":"access","url":"/test"}
{"duration":2,"level":"info","message":"HTTP request","method":"GET","status":302,"timestamp":"2026-02-12 15:33:42","type":"access","url":"/"}
{"duration":5,"level":"info","message":"HTTP request","method":"GET","status":200,"timestamp":"2026-02-12 15:33:42","type":"access","url":"/search"}
{"duration":1,"level":"info","message":"HTTP request","method":"GET","status":200,"timestamp":"2026-02-12 15:33:44","type":"access","url":"/search"}
{"duration":2,"level":"info","message":"HTTP request","method":"GET","status":200,"timestamp":"2026-02-12 15:33:44","type":"access","url":"/search"}
{"duration":1,"level":"info","message":"HTTP request","method":"GET","status":200,"timestamp":"2026-02-12 15:33:44","type":"access","url":"/search"}
{"duration":2,"level":"info","message":"HTTP request","method":"GET","status":200,"timestamp":"2026-02-12 15:33:44","type":"access","url":"/search"}
{"duration":1,"level":"info","message":"HTTP request","method":"GET","status":200,"timestamp":"2026-02-12 15:33:44","type":"access","url":"/search"}
{"duration":0,"level":"info","message":"HTTP request","method":"POST","status":200,"timestamp":"2026-02-12 15:44:54","type":"access","url":"/search"}
{"duration":0,"level":"info","message":"HTTP request","method":"GET","status":404,"timestamp":"2026-02-12 15:44:54","type":"access","url":"/downloads"}
{"level":"info","message":"test request","method":"GET","timestamp":"2026-02-12 15:44:54","type":"access","url":"/test"}
{"duration":0,"level":"info","message":"HTTP request","method":"POST","status":200,"timestamp":"2026-02-12 15:47:02","type":"access","url":"/search"}
{"duration":0,"level":"info","message":"HTTP request","method":"GET","status":404,"timestamp":"2026-02-12 15:47:02","type":"access","url":"/downloads"}
{"level":"info","message":"test request","method":"GET","timestamp":"2026-02-12 15:47:02","type":"access","url":"/test"}
{"duration":1050,"level":"info","message":"HTTP request","method":"POST","status":200,"timestamp":"2026-02-12 16:31:58","type":"access","url":"/search"}
{"duration":1292,"level":"info","message":"HTTP request","method":"POST","status":200,"timestamp":"2026-02-12 16:43:27","type":"access","url":"/search"}
{"duration":882,"level":"info","message":"HTTP request","method":"POST","status":200,"timestamp":"2026-02-12 16:43:59","type":"access","url":"/search"}
{"duration":604,"level":"info","message":"HTTP request","method":"POST","status":200,"timestamp":"2026-02-12 16:43:59","type":"access","url":"/search"}
{"duration":1097,"level":"info","message":"HTTP request","method":"POST","status":200,"timestamp":"2026-02-12 16:54:02","type":"access","url":"/search"}
{"duration":0,"level":"info","message":"HTTP request","method":"POST","status":200,"timestamp":"2026-02-12 16:56:17","type":"access","url":"/search"}
{"duration":0,"level":"info","message":"HTTP request","method":"GET","status":404,"timestamp":"2026-02-12 16:56:17","type":"access","url":"/downloads"}
{"level":"info","message":"test request","method":"GET","timestamp":"2026-02-12 16:56:17","type":"access","url":"/test"}
{"duration":0,"level":"info","message":"HTTP request","method":"POST","status":200,"timestamp":"2026-02-12 16:58:26","type":"access","url":"/search"}
{"duration":0,"level":"info","message":"HTTP request","method":"GET","status":404,"timestamp":"2026-02-12 16:58:26","type":"access","url":"/downloads"}
{"level":"info","message":"test request","method":"GET","timestamp":"2026-02-12 16:58:26","type":"access","url":"/test"}
{"duration":991,"level":"info","message":"HTTP request","method":"POST","status":200,"timestamp":"2026-02-12 16:58:32","type":"access","url":"/search"}
{"duration":488,"level":"info","message":"HTTP request","method":"POST","status":200,"timestamp":"2026-02-12 16:58:35","type":"access","url":"/search"}
{"duration":0,"level":"info","message":"HTTP request","method":"POST","status":200,"timestamp":"2026-02-12 17:52:26","type":"access","url":"/search"}
{"duration":0,"level":"info","message":"HTTP request","method":"GET","status":404,"timestamp":"2026-02-12 17:52:26","type":"access","url":"/downloads"}
{"level":"info","message":"test request","method":"GET","timestamp":"2026-02-12 17:52:26","type":"access","url":"/test"}
{"duration":2,"level":"info","message":"HTTP request","method":"GET","status":302,"timestamp":"2026-02-13 08:18:33","type":"access","url":"/"}
{"duration":5,"level":"info","message":"HTTP request","method":"GET","status":200,"timestamp":"2026-02-13 08:18:33","type":"access","url":"/search"}
{"duration":2,"level":"info","message":"HTTP request","method":"GET","status":200,"timestamp":"2026-02-13 08:18:34","type":"access","url":"/search"}
{"duration":2,"level":"info","message":"HTTP request","method":"GET","status":200,"timestamp":"2026-02-13 08:18:34","type":"access","url":"/search"}
{"duration":1,"level":"info","message":"HTTP request","method":"GET","status":200,"timestamp":"2026-02-13 08:18:34","type":"access","url":"/search"}
{"duration":1,"level":"info","message":"HTTP request","method":"GET","status":200,"timestamp":"2026-02-13 08:18:34","type":"access","url":"/search"}
{"duration":1,"level":"info","message":"HTTP request","method":"GET","status":200,"timestamp":"2026-02-13 08:18:34","type":"access","url":"/search"}
{"duration":3,"level":"info","message":"HTTP request","method":"GET","status":302,"timestamp":"2026-02-13 09:01:53","type":"access","url":"/"}
{"duration":194,"level":"info","message":"HTTP request","method":"GET","status":200,"timestamp":"2026-02-13 09:01:53","type":"access","url":"/search"}
{"duration":1,"level":"info","message":"HTTP request","method":"GET","status":200,"timestamp":"2026-02-13 09:01:55","type":"access","url":"/search"}
{"duration":1,"level":"info","message":"HTTP request","method":"GET","status":200,"timestamp":"2026-02-13 09:01:55","type":"access","url":"/search"}
{"duration":1,"level":"info","message":"HTTP request","method":"GET","status":200,"timestamp":"2026-02-13 09:01:55","type":"access","url":"/search"}
{"duration":1,"level":"info","message":"HTTP request","method":"GET","status":200,"timestamp":"2026-02-13 09:01:55","type":"access","url":"/search"}
{"duration":1,"level":"info","message":"HTTP request","method":"GET","status":200,"timestamp":"2026-02-13 09:01:55","type":"access","url":"/search"}
